// Jest Snapshot v1, https://goo.gl/fbAQLP

exports[`Profile render after setting localstorage 1`] = `ShallowWrapper {}`;

exports[`Profile should Get Profile 1`] = `ShallowWrapper {}`;
