// Jest Snapshot v1, https://goo.gl/fbAQLP

exports[`Review should Get reviews 1`] = `ShallowWrapper {}`;
